src/components/LandingPage.tsx(2,24): error TS6133: 'Download' is declared but its value is never read.
